[templates.iqonic.design/muzik/html/index.html]
[backblue.gif]
[fade.gif]
[index.html]
[templates.iqonic.design/muzik/html/images/favicon.ico]
[templates.iqonic.design/muzik/html/css/bootstrap.min.css]
[templates.iqonic.design/muzik/html/css/typography.css]
[templates.iqonic.design/muzik/html/css/style.css]
[templates.iqonic.design/muzik/html/css/responsive.css]
[templates.iqonic.design/muzik/html/images/logo.png]
[templates.iqonic.design/muzik/html/latest.html]
[templates.iqonic.design/muzik/html/albums.html]
[templates.iqonic.design/muzik/html/admin-dashboard.html]
[templates.iqonic.design/muzik/html/admin-category.html]
[templates.iqonic.design/muzik/html/admin-writer.html]
[templates.iqonic.design/muzik/html/admin-singer.html]
[templates.iqonic.design/muzik/html/admin-song.html]
[templates.iqonic.design/muzik/html/calendar.html]
[templates.iqonic.design/muzik/html/profile.html]
[templates.iqonic.design/muzik/html/profile-edit.html]
[templates.iqonic.design/muzik/html/add-user.html]
[templates.iqonic.design/muzik/html/user-list.html]
[templates.iqonic.design/muzik/html/ui-colors.html]
[templates.iqonic.design/muzik/html/ui-typography.html]
[templates.iqonic.design/muzik/html/ui-alerts.html]
[templates.iqonic.design/muzik/html/ui-badges.html]
[templates.iqonic.design/muzik/html/ui-breadcrumb.html]
[templates.iqonic.design/muzik/html/ui-buttons.html]
[templates.iqonic.design/muzik/html/ui-cards.html]
[templates.iqonic.design/muzik/html/ui-carousel.html]
[templates.iqonic.design/muzik/html/ui-embed-video.html]
[templates.iqonic.design/muzik/html/ui-grid.html]
[templates.iqonic.design/muzik/html/ui-images.html]
[templates.iqonic.design/muzik/html/ui-list-group.html]
[templates.iqonic.design/muzik/html/ui-media-object.html]
[templates.iqonic.design/muzik/html/ui-modal.html]
[templates.iqonic.design/muzik/html/ui-notifications.html]
[templates.iqonic.design/muzik/html/ui-pagination.html]
[templates.iqonic.design/muzik/html/ui-popovers.html]
[templates.iqonic.design/muzik/html/ui-progressbars.html]
[templates.iqonic.design/muzik/html/ui-tabs.html]
[templates.iqonic.design/muzik/html/ui-tooltips.html]
[templates.iqonic.design/muzik/html/form-layout.html]
[templates.iqonic.design/muzik/html/form-validation.html]
[templates.iqonic.design/muzik/html/form-switch.html]
[templates.iqonic.design/muzik/html/form-chechbox.html]
[templates.iqonic.design/muzik/html/form-radio.html]
[templates.iqonic.design/muzik/html/form-wizard.html]
[templates.iqonic.design/muzik/html/form-wizard-validate.html]
[templates.iqonic.design/muzik/html/form-wizard-vertical.html]
[templates.iqonic.design/muzik/html/tables-basic.html]
[templates.iqonic.design/muzik/html/data-table.html]
[templates.iqonic.design/muzik/html/table-editable.html]
[templates.iqonic.design/muzik/html/chart-morris.html]
[templates.iqonic.design/muzik/html/chart-high.html]
[templates.iqonic.design/muzik/html/chart-am.html]
[templates.iqonic.design/muzik/html/chart-apex.html]
[templates.iqonic.design/muzik/html/icon-dripicons.html]
[templates.iqonic.design/muzik/html/icon-fontawesome-5.html]
[templates.iqonic.design/muzik/html/icon-lineawesome.html]
[templates.iqonic.design/muzik/html/icon-remixicon.html]
[templates.iqonic.design/muzik/html/icon-unicons.html]
[templates.iqonic.design/muzik/html/sign-in.html]
[templates.iqonic.design/muzik/html/sign-up.html]
[templates.iqonic.design/muzik/html/pages-recoverpw.html]
[templates.iqonic.design/muzik/html/pages-confirm-mail.html]
[templates.iqonic.design/muzik/html/pages-lock-screen.html]
[templates.iqonic.design/muzik/html/pages-timeline.html]
[templates.iqonic.design/muzik/html/pages-invoice.html]
[templates.iqonic.design/muzik/html/blank-page.html]
[templates.iqonic.design/muzik/html/pages-error.html]
[templates.iqonic.design/muzik/html/pages-error-500.html]
[templates.iqonic.design/muzik/html/pages-pricing.html]
[templates.iqonic.design/muzik/html/pages-maintenance.html]
[templates.iqonic.design/muzik/html/pages-comingsoon.html]
[templates.iqonic.design/muzik/html/pages-faq.html]
[templates.iqonic.design/muzik/html/images/user/01.jpg]
[templates.iqonic.design/muzik/html/images/user/02.jpg]
[templates.iqonic.design/muzik/html/images/user/03.jpg]
[templates.iqonic.design/muzik/html/images/user/04.jpg]
[templates.iqonic.design/muzik/html/images/user/05.jpg]
[templates.iqonic.design/muzik/html/images/user/11.png]
[templates.iqonic.design/muzik/html/account-setting.html]
[templates.iqonic.design/muzik/html/privacy-setting.html]
[templates.iqonic.design/muzik/html/music-player.html]
[templates.iqonic.design/muzik/html/images/dashboard/realease-song/01.png]
[templates.iqonic.design/muzik/html/images/dashboard/realease-song/02.png]
[templates.iqonic.design/muzik/html/images/dashboard/realease-song/03.png]
[templates.iqonic.design/muzik/html/images/dashboard/realease-song/04.png]
[templates.iqonic.design/muzik/html/images/dashboard/realease-song/05.png]
[templates.iqonic.design/muzik/html/images/dashboard/realease-song/06.png]
[templates.iqonic.design/muzik/html/images/dashboard/realease-song/07.png]
[templates.iqonic.design/muzik/html/images/dashboard/realease-song/08.png]
[templates.iqonic.design/muzik/html/images/dashboard/realease-song/09.png]
[templates.iqonic.design/muzik/html/images/dashboard/feature-album/01.png]
[templates.iqonic.design/muzik/html/images/dashboard/feature-album/02.png]
[templates.iqonic.design/muzik/html/images/dashboard/feature-album/03.png]
[templates.iqonic.design/muzik/html/images/dashboard/feature-album/04.png]
[templates.iqonic.design/muzik/html/images/dashboard/feature-album/05.png]
[templates.iqonic.design/muzik/html/images/dashboard/feature-album/06.png]
[templates.iqonic.design/muzik/html/images/dashboard/feature-album/07.png]
[templates.iqonic.design/muzik/html/images/dashboard/feature-album/08.png]
[templates.iqonic.design/muzik/html/images/dashboard/feature-album/09.png]
[templates.iqonic.design/muzik/html/images/dashboard/feature-album-artist/01.png]
[templates.iqonic.design/muzik/html/images/dashboard/feature-album-artist/02.png]
[templates.iqonic.design/muzik/html/images/dashboard/feature-album-artist/03.png]
[templates.iqonic.design/muzik/html/images/dashboard/feature-album-artist/04.png]
[templates.iqonic.design/muzik/html/images/dashboard/feature-album-artist/05.png]
[templates.iqonic.design/muzik/html/images/dashboard/feature-album-artist/06.png]
[templates.iqonic.design/muzik/html/images/dashboard/feature-album-artist/07.png]
[templates.iqonic.design/muzik/html/images/dashboard/feature-album-artist/08.png]
[templates.iqonic.design/muzik/html/images/dashboard/feature-album-artist/09.png]
[templates.iqonic.design/muzik/html/images/dashboard/feature-album-artist/10.png]
[templates.iqonic.design/muzik/html/images/dashboard/tranding-song/01.png]
[templates.iqonic.design/muzik/html/images/dashboard/tranding-song/02.png]
[templates.iqonic.design/muzik/html/images/dashboard/tranding-song/03.png]
[templates.iqonic.design/muzik/html/images/dashboard/tranding-song/04.png]
[templates.iqonic.design/muzik/html/images/dashboard/tranding-song/05.png]
[templates.iqonic.design/muzik/html/images/dashboard/tranding-song/06.png]
[templates.iqonic.design/muzik/html/images/dashboard/tranding-song/07.png]
[templates.iqonic.design/muzik/html/images/dashboard/tranding-song/08.png]
[templates.iqonic.design/muzik/html/images/dashboard/tranding-song/09.png]
[templates.iqonic.design/muzik/html/images/dashboard/tranding-song/10.png]
[templates.iqonic.design/muzik/html/images/dashboard/tranding-song/11.png]
[templates.iqonic.design/muzik/html/images/dashboard/tranding-song/12.png]
[templates.iqonic.design/muzik/html/images/dashboard/popular-hindi-song/01.png]
[templates.iqonic.design/muzik/html/images/dashboard/popular-hindi-song/02.png]
[templates.iqonic.design/muzik/html/images/dashboard/popular-hindi-song/03.png]
[templates.iqonic.design/muzik/html/images/dashboard/popular-hindi-song/04.png]
[templates.iqonic.design/muzik/html/images/dashboard/popular-hindi-song/05.png]
[templates.iqonic.design/muzik/html/images/dashboard/popular-hindi-song/06.png]
[templates.iqonic.design/muzik/html/images/dashboard/popular-hindi-song/07.png]
[templates.iqonic.design/muzik/html/images/dashboard/popular-hindi-song/08.png]
[templates.iqonic.design/muzik/html/images/dashboard/popular-hindi-song/09.png]
[templates.iqonic.design/muzik/html/images/dashboard/popular-hindi-song/10.png]
[templates.iqonic.design/muzik/html/images/dashboard/popular-hindi-song/11.png]
[templates.iqonic.design/muzik/html/images/dashboard/popular-hindi-song/12.png]
[templates.iqonic.design/muzik/html/images/dashboard/hot-songs/01.png]
[templates.iqonic.design/muzik/html/images/dashboard/hot-songs/02.png]
[templates.iqonic.design/muzik/html/images/dashboard/hot-songs/03.png]
[templates.iqonic.design/muzik/html/images/dashboard/hot-songs/04.png]
[templates.iqonic.design/muzik/html/images/dashboard/hot-songs/05.png]
[templates.iqonic.design/muzik/html/images/dashboard/hot-songs/06.png]
[templates.iqonic.design/muzik/html/images/dashboard/hot-songs/07.png]
[templates.iqonic.design/muzik/html/images/dashboard/hot-songs/08.png]
[templates.iqonic.design/muzik/html/images/dashboard/hot-songs/09.png]
[templates.iqonic.design/muzik/html/images/dashboard/song-video/video-1.mp4]
[templates.iqonic.design/muzik/html/images/dashboard/song-video/video-2.mp4]
[templates.iqonic.design/muzik/html/images/dashboard/song-video/video-3.mp4]
[templates.iqonic.design/muzik/html/js/jquery.min.js]
[templates.iqonic.design/muzik/html/js/popper.min.js]
[templates.iqonic.design/muzik/html/js/bootstrap.min.js]
[templates.iqonic.design/muzik/html/js/jquery.appear.js]
[templates.iqonic.design/muzik/html/js/countdown.min.js]
[templates.iqonic.design/muzik/html/js/waypoints.min.js]
[templates.iqonic.design/muzik/html/js/jquery.counterup.min.js]
[templates.iqonic.design/muzik/html/js/wow.min.js]
[templates.iqonic.design/muzik/html/js/apexcharts.js]
[templates.iqonic.design/muzik/html/js/slick.min.js]
[templates.iqonic.design/muzik/html/js/select2.min.js]
[templates.iqonic.design/muzik/html/js/owl.carousel.min.js]
[templates.iqonic.design/muzik/html/js/jquery.magnific-popup.min.js]
[templates.iqonic.design/muzik/html/js/smooth-scrollbar.js]
[templates.iqonic.design/muzik/html/js/lottie.js]
[templates.iqonic.design/muzik/html/js/charts.js]
[templates.iqonic.design/muzik/html/js/core.js]
[templates.iqonic.design/muzik/html/js/animated.js]
[templates.iqonic.design/muzik/html/js/kelly.js]
[templates.iqonic.design/muzik/html/js/maps.js]
[templates.iqonic.design/muzik/html/js/raphael-min.js]
[templates.iqonic.design/muzik/html/js/worldLow.js]
[templates.iqonic.design/muzik/html/js/morris.js]
[templates.iqonic.design/muzik/html/js/morris.min.js]
[templates.iqonic.design/muzik/html/js/flatpickr.js]
[templates.iqonic.design/muzik/html/js/style-customizer.js]
[templates.iqonic.design/muzik/html/js/chart-custom.js]
[templates.iqonic.design/muzik/html/js/music-player.js]
[templates.iqonic.design/muzik/html/js/music-player-dashboard.js]
[templates.iqonic.design/muzik/html/js/custom.js]
[templates.iqonic.design/muzik/html/index.html]
[templates.iqonic.design/muzik/html/admin-author.html]
[templates.iqonic.design/muzik/html/images/dashboard/top-song/01.png]
[templates.iqonic.design/muzik/html/images/dashboard/top-song/02.png]
[templates.iqonic.design/muzik/html/images/dashboard/top-song/03.png]
[templates.iqonic.design/muzik/html/images/dashboard/top-song/04.png]
[templates.iqonic.design/muzik/html/images/dashboard/top-song/05.png]
[templates.iqonic.design/muzik/html/images/dashboard/top-song/06.png]
[templates.iqonic.design/muzik/html/images/dashboard/top-song/07.png]
[templates.iqonic.design/muzik/html/images/dashboard/top-song/08.png]
[templates.iqonic.design/muzik/html/images/dashboard/top-song/09.png]
[templates.iqonic.design/muzik/html/images/dashboard/top-song/10.png]
[templates.iqonic.design/muzik/html/images/dashboard/top-song/11.png]
[templates.iqonic.design/muzik/html/images/dashboard/top-song/12.png]
[templates.iqonic.design/muzik/html/images/dashboard/top-song/13.png]
[templates.iqonic.design/muzik/html/images/dashboard/top-song/14.png]
[templates.iqonic.design/muzik/html/images/dashboard/top-song/15.png]
[templates.iqonic.design/muzik/html/images/dashboard/top-song/16.png]
[templates.iqonic.design/muzik/html/images/dashboard/top-song/17.png]
[templates.iqonic.design/muzik/html/images/dashboard/top-song/18.png]
[templates.iqonic.design/muzik/html/images/dashboard/top-song/19.png]
[templates.iqonic.design/muzik/html/images/dashboard/top-song/20.png]
[templates.iqonic.design/muzik/html/images/dashboard/top-song/21.png]
[templates.iqonic.design/muzik/html/images/dashboard/top-song/22.png]
[templates.iqonic.design/muzik/html/images/dashboard/top-song/23.png]
[templates.iqonic.design/muzik/html/images/dashboard/top-song/24.png]
[templates.iqonic.design/muzik/html/images/dashboard/top-song/25.png]
[templates.iqonic.design/muzik/html/images/dashboard/top-song/26.png]
[templates.iqonic.design/muzik/html/images/dashboard/top-song/27.png]
[templates.iqonic.design/muzik/html/images/dashboard/top-song/28.png]
[templates.iqonic.design/muzik/html/images/dashboard/top-song/29.png]
[templates.iqonic.design/muzik/html/latest.html]
[templates.iqonic.design/muzik/html/images/dashboard/top-song/30.png]
[templates.iqonic.design/muzik/html/images/dashboard/album-song/01.png]
[templates.iqonic.design/muzik/html/images/dashboard/album-song/02.png]
[templates.iqonic.design/muzik/html/images/dashboard/album-song/03.png]
[templates.iqonic.design/muzik/html/images/dashboard/album-song/04.png]
[templates.iqonic.design/muzik/html/images/dashboard/album-song/05.png]
[templates.iqonic.design/muzik/html/images/dashboard/album-song/06.png]
[templates.iqonic.design/muzik/html/images/dashboard/album-song/07.png]
[templates.iqonic.design/muzik/html/images/dashboard/album-song/08.png]
[templates.iqonic.design/muzik/html/images/dashboard/album-song/09.png]
[templates.iqonic.design/muzik/html/images/dashboard/album-song/10.png]
[templates.iqonic.design/muzik/html/albums.html]
[templates.iqonic.design/muzik/html/admin-dashboard.html]
[templates.iqonic.design/muzik/html/css/dataTables.bootstrap4.min.css]
[templates.iqonic.design/muzik/html/admin-add-category.html]
[templates.iqonic.design/muzik/html/js/jquery.dataTables.min.js]
[templates.iqonic.design/muzik/html/js/dataTables.bootstrap4.min.js]
[templates.iqonic.design/muzik/html/admin-category.html]
[templates.iqonic.design/muzik/html/admin-add-writer.html]
[templates.iqonic.design/muzik/html/images/user/06.jpg]
[templates.iqonic.design/muzik/html/images/user/07.jpg]
[templates.iqonic.design/muzik/html/images/user/08.jpg]
[templates.iqonic.design/muzik/html/images/user/09.jpg]
[templates.iqonic.design/muzik/html/images/user/10.jpg]
[templates.iqonic.design/muzik/html/admin-writer.html]
[templates.iqonic.design/muzik/html/admin-add-singer.html]
[templates.iqonic.design/muzik/html/images/user/11.jpg]
[templates.iqonic.design/muzik/html/admin-singer.html]
[templates.iqonic.design/muzik/html/admin-song.html]
[templates.iqonic.design/muzik/html/admin-add-song.html]
[templates.iqonic.design/muzik/html/fullcalendar/core/main.css]
[templates.iqonic.design/muzik/html/fullcalendar/daygrid/main.css]
[templates.iqonic.design/muzik/html/fullcalendar/timegrid/main.css]
[templates.iqonic.design/muzik/html/fullcalendar/list/main.css]
[templates.iqonic.design/muzik/html/css/flatpickr.min.css]
[templates.iqonic.design/muzik/html/fullcalendar/core/main.js]
[templates.iqonic.design/muzik/html/fullcalendar/daygrid/main.js]
[templates.iqonic.design/muzik/html/fullcalendar/timegrid/main.js]
[templates.iqonic.design/muzik/html/fullcalendar/list/main.js]
[templates.iqonic.design/muzik/html/calendar.html]
[templates.iqonic.design/muzik/html/images/user/1.jpg]
[templates.iqonic.design/muzik/html/profile.html]
[templates.iqonic.design/muzik/html/profile-edit.html]
[templates.iqonic.design/muzik/html/add-user.html]
[templates.iqonic.design/muzik/html/user-list.html]
[templates.iqonic.design/muzik/html/ui-colors.html]
[templates.iqonic.design/muzik/html/ui-typography.html]
[templates.iqonic.design/muzik/html/ui-alerts.html]
[templates.iqonic.design/muzik/html/ui-badges.html]
[templates.iqonic.design/muzik/html/ui-breadcrumb.html]
[templates.iqonic.design/muzik/html/ui-buttons.html]
[templates.iqonic.design/muzik/html/images/page-img/07.jpg]
[templates.iqonic.design/muzik/html/images/page-img/08.jpg]
[templates.iqonic.design/muzik/html/images/page-img/09.jpg]
[templates.iqonic.design/muzik/html/ui-cards.html]
[templates.iqonic.design/muzik/html/images/small/img-1.jpg]
[templates.iqonic.design/muzik/html/ui-carousel.html]
[templates.iqonic.design/muzik/html/ui-embed-video.html]
[templates.iqonic.design/muzik/html/ui-grid.html]
[templates.iqonic.design/muzik/html/images/page-img/15.jpg]
[templates.iqonic.design/muzik/html/images/page-img/16.jpg]
[templates.iqonic.design/muzik/html/images/page-img/17.jpg]
[templates.iqonic.design/muzik/html/images/page-img/18.jpg]
[templates.iqonic.design/muzik/html/images/page-img/19.jpg]
[templates.iqonic.design/muzik/html/images/page-img/20.jpg]
[templates.iqonic.design/muzik/html/images/page-img/10.jpg]
[templates.iqonic.design/muzik/html/images/page-img/11.jpg]
[templates.iqonic.design/muzik/html/images/page-img/12.jpg]
[templates.iqonic.design/muzik/html/images/page-img/13.jpg]
[templates.iqonic.design/muzik/html/images/page-img/14.jpg]
[templates.iqonic.design/muzik/html/images/page-img/21.jpg]
[templates.iqonic.design/muzik/html/images/page-img/22.jpg]
[templates.iqonic.design/muzik/html/images/page-img/23.jpg]
[templates.iqonic.design/muzik/html/images/page-img/24.jpg]
[templates.iqonic.design/muzik/html/ui-images.html]
[templates.iqonic.design/muzik/html/ui-list-group.html]
[templates.iqonic.design/muzik/html/ui-media-object.html]
[templates.iqonic.design/muzik/html/ui-modal.html]
[templates.iqonic.design/muzik/html/ui-notifications.html]
[templates.iqonic.design/muzik/html/ui-pagination.html]
[templates.iqonic.design/muzik/html/ui-popovers.html]
[templates.iqonic.design/muzik/html/ui-progressbars.html]
[templates.iqonic.design/muzik/html/ui-tabs.html]
[templates.iqonic.design/muzik/html/ui-tooltips.html]
[templates.iqonic.design/muzik/html/form-layout.html]
[templates.iqonic.design/muzik/html/form-validation.html]
[templates.iqonic.design/muzik/html/form-switch.html]
[templates.iqonic.design/muzik/html/form-chechbox.html]
[templates.iqonic.design/muzik/html/form-radio.html]
[templates.iqonic.design/muzik/html/images/page-img/img-success.png]
[templates.iqonic.design/muzik/html/form-wizard.html]
[templates.iqonic.design/muzik/html/form-wizard-validate.html]
[templates.iqonic.design/muzik/html/form-wizard-vertical.html]
[templates.iqonic.design/muzik/html/tables-basic.html]
[templates.iqonic.design/muzik/html/data-table.html]
[templates.iqonic.design/muzik/html/table-editable.html]
[templates.iqonic.design/muzik/html/chart-morris.html]
[templates.iqonic.design/muzik/html/js/highcharts.js]
[templates.iqonic.design/muzik/html/js/highcharts-3d.js]
[templates.iqonic.design/muzik/html/js/highcharts-more.js]
[templates.iqonic.design/muzik/html/chart-high.html]
[templates.iqonic.design/muzik/html/chart-am.html]
[templates.iqonic.design/muzik/html/chart-apex.html]
[templates.iqonic.design/muzik/html/icon-dripicons.html]
[templates.iqonic.design/muzik/html/icon-fontawesome-5.html]
[templates.iqonic.design/muzik/html/icon-lineawesome.html]
[templates.iqonic.design/muzik/html/icon-remixicon.html]
[templates.iqonic.design/muzik/html/icon-unicons.html]
[templates.iqonic.design/muzik/html/images/login/user.png]
[templates.iqonic.design/muzik/html/sign-in.html]
[templates.iqonic.design/muzik/html/sign-up.html]
[templates.iqonic.design/muzik/html/pages-recoverpw.html]
[templates.iqonic.design/muzik/html/images/login/mail.png]
[templates.iqonic.design/muzik/html/pages-confirm-mail.html]
[templates.iqonic.design/muzik/html/pages-lock-screen.html]
[templates.iqonic.design/muzik/html/pages-timeline.html]
[templates.iqonic.design/muzik/html/pages-invoice.html]
[templates.iqonic.design/muzik/html/blank-page.html]
[templates.iqonic.design/muzik/html/images/error/404.png]
[templates.iqonic.design/muzik/html/pages-error.html]
[templates.iqonic.design/muzik/html/images/error/500.png]
[templates.iqonic.design/muzik/html/pages-error-500.html]
[templates.iqonic.design/muzik/html/images/page-img/25.jpg]
[templates.iqonic.design/muzik/html/images/page-img/26.jpg]
[templates.iqonic.design/muzik/html/images/page-img/27.jpg]
[templates.iqonic.design/muzik/html/images/page-img/28.jpg]
[templates.iqonic.design/muzik/html/pages-pricing.html]
[templates.iqonic.design/muzik/html/images/error/02.png]
[templates.iqonic.design/muzik/html/pages-maintenance.html]
[templates.iqonic.design/muzik/html/images/logo-full2.png]
[templates.iqonic.design/muzik/html/pages-comingsoon.html]
[templates.iqonic.design/muzik/html/pages-faq.html]
[templates.iqonic.design/muzik/html/account-setting.html]
[templates.iqonic.design/muzik/html/privacy-setting.html]
[templates.iqonic.design/muzik/html/music-player.html]
[templates.iqonic.design/muzik/html/admin-author.html]
[templates.iqonic.design/muzik/html/admin-add-category.html]
[templates.iqonic.design/muzik/html/admin-add-writer.html]
[templates.iqonic.design/muzik/html/admin-add-singer.html]
[templates.iqonic.design/muzik/html/admin-add-song.html]
[templates.iqonic.design/muzik/html/images/user/11.png]
[templates.iqonic.design/muzik/html/images/user/04.jpg]
[templates.iqonic.design/muzik/html/images/dashboard/feature-album/01.png]
[templates.iqonic.design/muzik/html/images/dashboard/feature-album/02.png]
[templates.iqonic.design/muzik/html/css/bootstrap.min.css]
[templates.iqonic.design/muzik/html/images/dashboard/feature-album/03.png]
[templates.iqonic.design/muzik/html/images/dashboard/feature-album/04.png]
[templates.iqonic.design/muzik/html/images/dashboard/feature-album/05.png]
[templates.iqonic.design/muzik/html/images/dashboard/feature-album/06.png]
[templates.iqonic.design/muzik/html/images/dashboard/feature-album/07.png]
[templates.iqonic.design/muzik/html/css/variable.css]
[templates.iqonic.design/muzik/html/images/dashboard/feature-album/08.png]
[templates.iqonic.design/muzik/html/images/dashboard/feature-album/09.png]
[templates.iqonic.design/muzik/html/images/dashboard/feature-album-artist/01.png]
[templates.iqonic.design/muzik/html/images/dashboard/feature-album-artist/02.png]
[templates.iqonic.design/muzik/html/images/dashboard/feature-album-artist/03.png]
[templates.iqonic.design/muzik/html/images/dashboard/feature-album-artist/04.png]
[templates.iqonic.design/muzik/html/images/dashboard/feature-album-artist/07.png]
[templates.iqonic.design/muzik/html/images/dashboard/feature-album-artist/05.png]
[templates.iqonic.design/muzik/html/css/style-customizer.css]
[templates.iqonic.design/muzik/html/images/dashboard/feature-album-artist/08.png]
[templates.iqonic.design/muzik/html/images/dashboard/feature-album-artist/09.png]
[templates.iqonic.design/muzik/html/images/dashboard/tranding-song/03.png]
[templates.iqonic.design/muzik/html/images/dashboard/feature-album-artist/10.png]
[templates.iqonic.design/muzik/html/images/dashboard/tranding-song/02.png]
[templates.iqonic.design/muzik/html/images/dashboard/tranding-song/04.png]
[templates.iqonic.design/muzik/html/css/owl.carousel.min.css]
[templates.iqonic.design/muzik/html/images/dashboard/tranding-song/07.png]
[templates.iqonic.design/muzik/html/images/dashboard/tranding-song/05.png]
[templates.iqonic.design/muzik/html/images/dashboard/tranding-song/08.png]
[templates.iqonic.design/muzik/html/images/dashboard/tranding-song/09.png]
[templates.iqonic.design/muzik/html/images/dashboard/tranding-song/10.png]
[templates.iqonic.design/muzik/html/images/dashboard/tranding-song/12.png]
[templates.iqonic.design/muzik/html/images/dashboard/song-video/video-1.mp4]
[templates.iqonic.design/muzik/html/images/dashboard/song-video/video-2.mp4]
[templates.iqonic.design/muzik/html/images/dashboard/song-video/video-3.mp4]
[templates.iqonic.design/muzik/html/css/dripicons.css]
[templates.iqonic.design/muzik/html/js/jquery.min.js]
[templates.iqonic.design/muzik/html/js/apexcharts.js]
[templates.iqonic.design/muzik/html/js/lottie.js]
[templates.iqonic.design/muzik/html/js/core.js]
[templates.iqonic.design/muzik/html/css/remixicon.css]
[templates.iqonic.design/muzik/html/images/dashboard/top-song/01.png]
[templates.iqonic.design/muzik/html/images/dashboard/top-song/02.png]
[templates.iqonic.design/muzik/html/images/dashboard/top-song/03.png]
[templates.iqonic.design/muzik/html/js/worldLow.js]
[templates.iqonic.design/muzik/html/css/fontawesome.css]
[templates.iqonic.design/muzik/html/images/dashboard/top-song/04.png]
[templates.iqonic.design/muzik/html/images/dashboard/top-song/07.png]
[templates.iqonic.design/muzik/html/images/dashboard/top-song/05.png]
[templates.iqonic.design/muzik/html/images/dashboard/top-song/06.png]
[templates.iqonic.design/muzik/html/images/dashboard/top-song/08.png]
[templates.iqonic.design/muzik/html/images/dashboard/top-song/09.png]
[templates.iqonic.design/muzik/html/images/dashboard/top-song/10.png]
[templates.iqonic.design/muzik/html/css/line-awesome.min.css]
[templates.iqonic.design/muzik/html/images/dashboard/top-song/11.png]
[templates.iqonic.design/muzik/html/images/dashboard/top-song/12.png]
[templates.iqonic.design/muzik/html/images/dashboard/top-song/14.png]
[templates.iqonic.design/muzik/html/css/ionicons.min.css]
[templates.iqonic.design/muzik/html/images/dashboard/top-song/15.png]
[templates.iqonic.design/muzik/html/images/dashboard/top-song/17.png]
[templates.iqonic.design/muzik/html/images/dashboard/top-song/18.png]
[templates.iqonic.design/muzik/html/images/dashboard/top-song/16.png]
[templates.iqonic.design/muzik/html/images/dashboard/top-song/19.png]
[templates.iqonic.design/muzik/html/images/dashboard/top-song/20.png]
[templates.iqonic.design/muzik/html/images/dashboard/top-song/21.png]
[templates.iqonic.design/muzik/html/css/slick.css]
[templates.iqonic.design/muzik/html/images/dashboard/top-song/22.png]
[templates.iqonic.design/muzik/html/images/dashboard/top-song/23.png]
[templates.iqonic.design/muzik/html/images/dashboard/top-song/24.png]
[templates.iqonic.design/muzik/html/images/dashboard/top-song/25.png]
[templates.iqonic.design/muzik/html/images/dashboard/top-song/26.png]
[templates.iqonic.design/muzik/html/images/dashboard/top-song/27.png]
[templates.iqonic.design/muzik/html/images/dashboard/top-song/28.png]
[templates.iqonic.design/muzik/html/css/slick-theme.css]
[templates.iqonic.design/muzik/html/images/dashboard/top-song/29.png]
[templates.iqonic.design/muzik/html/images/dashboard/top-song/30.png]
[templates.iqonic.design/muzik/html/images/user/06.jpg]
[templates.iqonic.design/muzik/html/images/user/07.jpg]
[templates.iqonic.design/muzik/html/images/user/08.jpg]
[templates.iqonic.design/muzik/html/images/user/10.jpg]
[templates.iqonic.design/muzik/html/images/user/09.jpg]
[templates.iqonic.design/muzik/html/css/Chart.min.css]
[templates.iqonic.design/muzik/html/images/user/11.jpg]
[templates.iqonic.design/muzik/html/images/page-img/07.jpg]
[templates.iqonic.design/muzik/html/images/small/img-1.jpg]
[templates.iqonic.design/muzik/html/fullcalendar/core/main.js]
[templates.iqonic.design/muzik/html/css/select2.min.css]
[templates.iqonic.design/muzik/html/images/page-img/15.jpg]
[templates.iqonic.design/muzik/html/images/page-img/17.jpg]
[templates.iqonic.design/muzik/html/images/page-img/18.jpg]
[templates.iqonic.design/muzik/html/images/page-img/16.jpg]
[templates.iqonic.design/muzik/html/css/magnific-popup.css]
[templates.iqonic.design/muzik/html/images/page-img/19.jpg]
[templates.iqonic.design/muzik/html/images/page-img/20.jpg]
[templates.iqonic.design/muzik/html/images/page-img/10.jpg]
[templates.iqonic.design/muzik/html/images/page-img/21.jpg]
[templates.iqonic.design/muzik/html/images/page-img/22.jpg]
[templates.iqonic.design/muzik/html/images/page-img/23.jpg]
[templates.iqonic.design/muzik/html/images/page-img/24.jpg]
[templates.iqonic.design/muzik/html/images/login/user.png]
[templates.iqonic.design/muzik/html/images/page-img/img-success.png]
[templates.iqonic.design/muzik/html/css/animate.css]
[templates.iqonic.design/muzik/html/images/error/404.png]
[templates.iqonic.design/muzik/html/js/highcharts.js]
[templates.iqonic.design/muzik/html/images/loader.gif]
[templates.iqonic.design/muzik/html/css/typography.css]
[templates.iqonic.design/muzik/html/images/login/login.jpg]
[templates.iqonic.design/muzik/html/images/page-img/51.png]
[templates.iqonic.design/muzik/html/images/dashboard/realease-song/realease-back.jpg]
[images.pexels.com/photos/262034/pexels-photo-262034e884.jpg]
[templates.iqonic.design/muzik/html/images/bg-03.jpg]
[templates.iqonic.design/muzik/html/images/page-img/100.jpg]
[templates.iqonic.design/muzik/html/css/style.css]
[templates.iqonic.design/muzik/html/css/responsive.css]
[templates.iqonic.design/muzik/html/images/page-img/100.jpg]
[templates.iqonic.design/muzik/html/css/dataTables.bootstrap4.min.css]
[templates.iqonic.design/muzik/html/fullcalendar/core/main.css]
[templates.iqonic.design/muzik/html/fullcalendar/daygrid/main.css]
[templates.iqonic.design/muzik/html/fullcalendar/timegrid/main.css]
[templates.iqonic.design/muzik/html/fullcalendar/list/main.css]
[templates.iqonic.design/muzik/html/css/flatpickr.min.css]
[templates.iqonic.design/muzik/html/css/variable.css]
[templates.iqonic.design/muzik/html/css/style-customizer.css]
[templates.iqonic.design/muzik/html/css/owl.video.play.png]
[templates.iqonic.design/muzik/html/css/owl.carousel.min.css]
[templates.iqonic.design/muzik/html/fonts/dripicons-v2d41d.eot]
[templates.iqonic.design/muzik/html/fonts/dripicons-v2.woff]
[templates.iqonic.design/muzik/html/fonts/dripicons-v2.ttf]
[templates.iqonic.design/muzik/html/css/dripicons.css]
[templates.iqonic.design/muzik/html/fonts/dripicons-v2.svg]
[templates.iqonic.design/muzik/html/fonts/remixicon4d30.eot]
[templates.iqonic.design/muzik/html/fonts/remixicon4d30.woff2]
[templates.iqonic.design/muzik/html/fonts/remixicon4d30.woff]
[templates.iqonic.design/muzik/html/fonts/remixicon4d30.ttf]
[templates.iqonic.design/muzik/html/css/remixicon.css]
[templates.iqonic.design/muzik/html/fonts/remixicon4d30.svg]
[templates.iqonic.design/muzik/html/fonts/fontawesome-webfont3e6e.eot]
[templates.iqonic.design/muzik/html/fonts/fontawesome-webfontd41d.eot]
[templates.iqonic.design/muzik/html/fonts/fontawesome-webfont3e6e.woff2]
[templates.iqonic.design/muzik/html/fonts/fontawesome-webfont3e6e.woff]
[templates.iqonic.design/muzik/html/fonts/fontawesome-webfont3e6e.woff2]
[templates.iqonic.design/muzik/html/fonts/fontawesome-webfont3e6e.ttf]
[templates.iqonic.design/muzik/html/fonts/fontawesome-webfont3e6e.woff]
[templates.iqonic.design/muzik/html/css/fontawesome.css]
[templates.iqonic.design/muzik/html/fonts/fontawesome-webfont3e6e.svg]
[templates.iqonic.design/muzik/html/fonts/la-brands-400.eot]
[templates.iqonic.design/muzik/html/fonts/la-brands-400d41d.eot]
[templates.iqonic.design/muzik/html/fonts/la-brands-400.woff2]
[templates.iqonic.design/muzik/html/fonts/la-brands-400.woff2]
[templates.iqonic.design/muzik/html/fonts/la-brands-400.woff]
[templates.iqonic.design/muzik/html/fonts/la-brands-400.ttf]
[templates.iqonic.design/muzik/html/fonts/la-brands-400.svg]
[templates.iqonic.design/muzik/html/fonts/la-regular-400.eot]
[templates.iqonic.design/muzik/html/fonts/la-regular-400d41d.eot]
[templates.iqonic.design/muzik/html/fonts/la-regular-400.woff2]
[templates.iqonic.design/muzik/html/fonts/la-regular-400.woff]
[templates.iqonic.design/muzik/html/fonts/la-regular-400.ttf]
[templates.iqonic.design/muzik/html/fonts/la-regular-400.svg]
[templates.iqonic.design/muzik/html/fonts/la-solid-900.eot]
[templates.iqonic.design/muzik/html/fonts/la-solid-900d41d.eot]
[templates.iqonic.design/muzik/html/fonts/la-solid-900.woff2]
[templates.iqonic.design/muzik/html/fonts/la-solid-900.woff]
[templates.iqonic.design/muzik/html/fonts/la-solid-900.ttf]
[templates.iqonic.design/muzik/html/css/line-awesome.min.css]
[templates.iqonic.design/muzik/html/fonts/la-solid-900.svg]
[templates.iqonic.design/muzik/html/fonts/ionicons28b5.eot]
[templates.iqonic.design/muzik/html/fonts/ionicons28b5.ttf]
[templates.iqonic.design/muzik/html/fonts/ionicons28b5.woff]
[templates.iqonic.design/muzik/html/css/ionicons.min.css]
[templates.iqonic.design/muzik/html/css/slick.css]
[templates.iqonic.design/muzik/html/fonts/ionicons28b5.svg]
[templates.iqonic.design/muzik/html/css/ajax-loader.gif]
[templates.iqonic.design/muzik/html/fonts/slick.eot]
[templates.iqonic.design/muzik/html/fonts/slickd41d.eot]
[templates.iqonic.design/muzik/html/fonts/slick.woff]
[templates.iqonic.design/muzik/html/fonts/slick.ttf]
[templates.iqonic.design/muzik/html/css/slick-theme.css]
[templates.iqonic.design/muzik/html/css/Chart.min.css]
[templates.iqonic.design/muzik/html/css/select2.min.css]
[templates.iqonic.design/muzik/html/css/magnific-popup.css]
[templates.iqonic.design/muzik/html/css/animate.css]
[templates.iqonic.design/muzik/html/images/page-img/51.html]
[templates.iqonic.design/muzik/html/fonts/slick.svg]
[templates.iqonic.design/muzik/html/fonts/dripicons-v2.svg]
[templates.iqonic.design/muzik/html/fonts/remixicon4d30.svg]
[templates.iqonic.design/muzik/html/fonts/fontawesome-webfont3e6e.svg]
[templates.iqonic.design/muzik/html/fonts/la-brands-400.svg]
[templates.iqonic.design/muzik/html/fonts/la-regular-400.svg]
[templates.iqonic.design/muzik/html/fonts/la-solid-900.svg]
[templates.iqonic.design/muzik/html/fonts/ionicons28b5.svg]
[templates.iqonic.design/muzik/html/fonts/slick.svg]
[templates.iqonic.design/muzik/html/account-setting.html]
[templates.iqonic.design/muzik/html/admin-add-singer.html]
[templates.iqonic.design/muzik/html/admin-add-song.html]
[templates.iqonic.design/muzik/html/fonts/dripicons-v2.eot]
